#-----------------------------------------------------------
# Vivado v2020.2 (64-bit)
# SW Build 3064766 on Wed Nov 18 09:12:45 MST 2020
# IP Build 3064653 on Wed Nov 18 14:17:31 MST 2020
# Start of session at: Wed Aug 16 11:46:47 2023
# Process ID: 24800
# Current directory: C:/Users/mafassi/Desktop/13MHz_UART_25Ko_parity - export test/Vivado project
# Command line: vivado.exe -gui_launcher_event rodinguilauncherevent28240 C:\Users\mafassi\Desktop\13MHz_UART_25Ko_parity - export test\Vivado project\Microblaze5.xpr
# Log file: C:/Users/mafassi/Desktop/13MHz_UART_25Ko_parity - export test/Vivado project/vivado.log
# Journal file: C:/Users/mafassi/Desktop/13MHz_UART_25Ko_parity - export test/Vivado project\vivado.jou
#-----------------------------------------------------------
start_gui
open_project {C:/Users/mafassi/Desktop/13MHz_UART_25Ko_parity - export test/Vivado project/Microblaze5.xpr}
reset_run impl_1 -prev_step 
launch_runs impl_1 -to_step write_bitstream -jobs 10
wait_on_run impl_1
reset_run impl_1 -prev_step 
reset_run synth_1
launch_runs synth_1 -jobs 10
wait_on_run synth_1
launch_runs impl_1 -jobs 10
wait_on_run impl_1
launch_runs impl_1 -to_step write_bitstream -jobs 10
wait_on_run impl_1
