#-----------------------------------------------------------
# Vivado v2020.2 (64-bit)
# SW Build 3064766 on Wed Nov 18 09:12:45 MST 2020
# IP Build 3064653 on Wed Nov 18 14:17:31 MST 2020
# Start of session at: Fri Jul 28 16:53:58 2023
# Process ID: 7856
# Current directory: C:/Users/mafassi/Desktop/13MHz_UART - Copie/Working UART at 13Mhz/Microblaze5
# Command line: vivado.exe -gui_launcher_event rodinguilauncherevent5384 C:\Users\mafassi\Desktop\13MHz_UART - Copie\Working UART at 13Mhz\Microblaze5\Microblaze5.xpr
# Log file: C:/Users/mafassi/Desktop/13MHz_UART - Copie/Working UART at 13Mhz/Microblaze5/vivado.log
# Journal file: C:/Users/mafassi/Desktop/13MHz_UART - Copie/Working UART at 13Mhz/Microblaze5\vivado.jou
#-----------------------------------------------------------
start_gui
open_project {C:/Users/mafassi/Desktop/13MHz_UART - Copie/Working UART at 13Mhz/Microblaze5/Microblaze5.xpr}
open_bd_design {C:/Users/mafassi/Desktop/13MHz_UART - Copie/Working UART at 13Mhz/Microblaze5/Microblaze5.srcs/sources_1/bd/design_1/design_1.bd}
