15:22:56 **** Incremental Build of configuration Debug for project blowbox_v19_bootloader ****
make all 
'Building file: ../src/bootloader.c'
'Invoking: MicroBlaze gcc compiler'
mb-gcc -Wall -O0 -g3 -c -fmessage-length=0 -MT"src/bootloader.o" -IC:/Users/agouriou/Desktop/blowbox/Microblaze5/SDK/blowbox_v19_hardware/export/blowbox_v19_hardware/sw/blowbox_v19_hardware/standalone_microblaze_0/bspinclude/include -mlittle-endian -mcpu=v11.0 -mxl-soft-mul -Wl,--no-relax -ffunction-sections -fdata-sections -MMD -MP -MF"src/bootloader.d" -MT"src/bootloader.o" -o "src/bootloader.o" "../src/bootloader.c"
In file included from ../src/bootloader.c:30:
../src/blconfig.h:5:2: warning: #warning "Please provide the correct address value for the definition FLASH_IMAGE_BASEADDR. Please give the flash offset @ which SREC application is programmed" [-Wcpp]
    5 | #warning "Please provide the correct address value for the definition FLASH_IMAGE_BASEADDR. Please give the flash offset @ which SREC application is programmed"
      |  ^~~~~~~
../src/bootloader.c:145:2: warning: pointer targets in initialization of 'int8_t *' {aka 'signed char *'} from 'char *' differ in signedness [-Wpointer-sign]
  145 |  "",
      |  ^~
../src/bootloader.c:145:2: note: (near initialization for 'errors[0]')
../src/bootloader.c:146:2: warning: pointer targets in initialization of 'int8_t *' {aka 'signed char *'} from 'char *' differ in signedness [-Wpointer-sign]
  146 |  "Error while copying executable image into RAM",
      |  ^~~~~~~~~~~~~~~~~~~~~~~~~~~~~~~~~~~~~~~~~~~~~~~
../src/bootloader.c:146:2: note: (near initialization for 'errors[1]')
../src/bootloader.c:147:2: warning: pointer targets in initialization of 'int8_t *' {aka 'signed char *'} from 'char *' differ in signedness [-Wpointer-sign]
  147 |  "Error while reading an SREC line from flash",
      |  ^~~~~~~~~~~~~~~~~~~~~~~~~~~~~~~~~~~~~~~~~~~~~
../src/bootloader.c:147:2: note: (near initialization for 'errors[2]')
../src/bootloader.c:148:2: warning: pointer targets in initialization of 'int8_t *' {aka 'signed char *'} from 'char *' differ in signedness [-Wpointer-sign]
  148 |  "SREC line is corrupted",
      |  ^~~~~~~~~~~~~~~~~~~~~~~~
../src/bootloader.c:148:2: note: (near initialization for 'errors[3]')
../src/bootloader.c:149:2: warning: pointer targets in initialization of 'int8_t *' {aka 'signed char *'} from 'char *' differ in signedness [-Wpointer-sign]
  149 |  "SREC has invalid checksum."
      |  ^~~~~~~~~~~~~~~~~~~~~~~~~~~~
../src/bootloader.c:149:2: note: (near initialization for 'errors[4]')
../src/bootloader.c: In function 'main':
../src/bootloader.c:249:16: warning: pointer targets in passing argument 1 of 'print' differ in signedness [-Wpointer-sign]
  249 |   print (errors[ret]);
      |          ~~~~~~^~~~~
      |                |
      |                int8_t * {aka signed char *}
In file included from ../src/bootloader.c:27:
c:\xilinx\vitis\2020.2\gnu\microblaze\nt\microblazeeb-xilinx-elf\usr\include\stdio.h:250:13: note: expected 'const char *' but argument is of type 'int8_t *' {aka 'signed char *'}
  250 | void print (const char* );
      |             ^~~~~~~~~~~
../src/bootloader.c:252:16: warning: pointer targets in passing argument 1 of 'print' differ in signedness [-Wpointer-sign]
  252 |   print (errors[ret]);
      |          ~~~~~~^~~~~
      |                |
      |                int8_t * {aka signed char *}
In file included from ../src/bootloader.c:27:
c:\xilinx\vitis\2020.2\gnu\microblaze\nt\microblazeeb-xilinx-elf\usr\include\stdio.h:250:13: note: expected 'const char *' but argument is of type 'int8_t *' {aka 'signed char *'}
  250 | void print (const char* );
      |             ^~~~~~~~~~~
../src/bootloader.c: In function 'load_exec':
../src/bootloader.c:410:6: warning: unused variable 'compteur' [-Wunused-variable]
  410 |  int compteur = 0;
      |      ^~~~~~~~
At top level:
../src/bootloader.c:372:13: warning: 'display_progress' defined but not used [-Wunused-function]
  372 | static void display_progress (uint32_t count)
      |             ^~~~~~~~~~~~~~~~
'Finished building: ../src/bootloader.c'
' '
'Building file: ../src/platform.c'
'Invoking: MicroBlaze gcc compiler'
mb-gcc -Wall -O0 -g3 -c -fmessage-length=0 -MT"src/platform.o" -IC:/Users/agouriou/Desktop/blowbox/Microblaze5/SDK/blowbox_v19_hardware/export/blowbox_v19_hardware/sw/blowbox_v19_hardware/standalone_microblaze_0/bspinclude/include -mlittle-endian -mcpu=v11.0 -mxl-soft-mul -Wl,--no-relax -ffunction-sections -fdata-sections -MMD -MP -MF"src/platform.d" -MT"src/platform.o" -o "src/platform.o" "../src/platform.c"
'Finished building: ../src/platform.c'
' '
'Building file: ../src/srec.c'
'Invoking: MicroBlaze gcc compiler'
mb-gcc -Wall -O0 -g3 -c -fmessage-length=0 -MT"src/srec.o" -IC:/Users/agouriou/Desktop/blowbox/Microblaze5/SDK/blowbox_v19_hardware/export/blowbox_v19_hardware/sw/blowbox_v19_hardware/standalone_microblaze_0/bspinclude/include -mlittle-endian -mcpu=v11.0 -mxl-soft-mul -Wl,--no-relax -ffunction-sections -fdata-sections -MMD -MP -MF"src/srec.d" -MT"src/srec.o" -o "src/srec.o" "../src/srec.c"
'Finished building: ../src/srec.c'
' '
'Building target: blowbox_v19_bootloader.elf'
'Invoking: MicroBlaze gcc linker'
mb-gcc -Wl,-T -Wl,../src/lscript.ld -LC:/Users/agouriou/Desktop/blowbox/Microblaze5/SDK/blowbox_v19_hardware/export/blowbox_v19_hardware/sw/blowbox_v19_hardware/standalone_microblaze_0/bsplib/lib -mlittle-endian -mcpu=v11.0 -mxl-soft-mul -Wl,--no-relax -Wl,--gc-sections -o "blowbox_v19_bootloader.elf"  ./src/bootloader.o ./src/platform.o ./src/srec.o   -Wl,--start-group,-lxil,-lgcc,-lc,--end-group
'Finished building target: blowbox_v19_bootloader.elf'
' '
'Invoking: MicroBlaze Print Size'
mb-size blowbox_v19_bootloader.elf  |tee "blowbox_v19_bootloader.elf.size"
   text	   data	    bss	    dec	    hex	filename
  14248	    316	   2092	  16656	   4110	blowbox_v19_bootloader.elf
'Finished building: blowbox_v19_bootloader.elf.size'
' '

15:22:57 Build Finished (took 1s.367ms)

